2026-01-22 23:59:40.308 [34mINFO [0;39m [http-nio-8080-exec-5] [36mecommerce-backend[0;39m [35m[0;39m c.e.e.e.a.f.RequestLoggingFilter - RESPONSE [c-ae430bb6-7db8-4f02-bba9-bd4186369557] GET /api/v1/catalog/public/categories 200 38ms
2026-01-22 23:59:40.436 [39mDEBUG[0;39m [http-nio-8080-exec-4] [36mecommerce-backend[0;39m [35mc-645b0a2d-d76a-493f-bd7a-9db4c1e4f64c[0;39m org.hibernate.SQL - 
    select
        sse1_0.id,
        sse1_0.address,
        sse1_0.bank_account_name,
        sse1_0.bank_account_number,
        sse1_0.bank_name,
        sse1_0.banner_url,
        sse1_0.city,
        sse1_0.contact_email,
        sse1_0.contact_name,
        sse1_0.contact_phone,
        sse1_0.description,
        sse1_0.identity_code,
        sse1_0.logo_url,
        sse1_0.seller_user_id,
        sse1_0.shop_name,
        sse1_0.shop_slug,
        sse1_0.status,
        sse1_0.suspended_reason,
        sse1_0.tax_code,
        sse1_0.verified_at,
        sse1_0.version 
    from
        seller_shop sse1_0 
    where
        sse1_0.id=?
2026-01-22 23:59:41.368 [39mTRACE[0;39m [http-nio-8080-exec-4] [36mecommerce-backend[0;39m [35mc-645b0a2d-d76a-493f-bd7a-9db4c1e4f64c[0;39m org.hibernate.orm.jdbc.bind - binding parameter (1:BIGINT) <- [10]
2026-01-22 23:59:41.448 [39mDEBUG[0;39m [http-nio-8080-exec-4] [36mecommerce-backend[0;39m [35mc-645b0a2d-d76a-493f-bd7a-9db4c1e4f64c[0;39m org.hibernate.SQL - 
    select
        pave1_0.id,
        a1_0.id,
        ag1_0.id,
        ag1_0.created_at,
        ag1_0.description,
        ag1_0.is_active,
        ag1_0.name,
        ag1_0.slug,
        ag1_0.sort_order,
        ag1_0.updated_at,
        a1_0.attribute_group_id,
        a1_0.created_at,
        a1_0.data_type,
        a1_0.description,
        a1_0.is_active,
        a1_0.is_comparable,
        a1_0.is_filterable,
        a1_0.name,
        a1_0.slug,
        a1_0.sort_order,
        a1_0.unit,
        a1_0.updated_at,
        pave1_0.attribute_id,
        pave1_0.created_at,
        pave1_0.display_value,
        pave1_0.product_id,
        pave1_0.updated_at,
        pave1_0.value_boolean,
        pave1_0.value_number,
        pave1_0.value_text 
    from
        product_attribute_value pave1_0 
    join
        attribute a1_0 
            on a1_0.id=pave1_0.attribute_id 
    join
        attribute_group ag1_0 
            on ag1_0.id=a1_0.attribute_group_id 
    where
        pave1_0.product_id=? 
        and a1_0.is_active=1 
        and ag1_0.is_active=1 
    order by
        ag1_0.sort_order,
        a1_0.sort_order
2026-01-22 23:59:41.450 [39mTRACE[0;39m [http-nio-8080-exec-4] [36mecommerce-backend[0;39m [35mc-645b0a2d-d76a-493f-bd7a-9db4c1e4f64c[0;39m org.hibernate.orm.jdbc.bind - binding parameter (1:BIGINT) <- [41]
2026-01-22 23:59:41.513 [39mDEBUG[0;39m [http-nio-8080-exec-4] [36mecommerce-backend[0;39m [35mc-645b0a2d-d76a-493f-bd7a-9db4c1e4f64c[0;39m o.h.stat.internal.StatisticsImpl - HHH000117: HQL:     SELECT pav FROM ProductAttributeValueEntity pav
    JOIN FETCH pav.attribute a
    JOIN FETCH a.attributeGroup ag
    WHERE pav.productId = :productId
    AND a.isActive = true
    AND ag.isActive = true
    ORDER BY ag.sortOrder, a.sortOrder
, time: 1ms, rows: 0
2026-01-22 23:59:41.534 [31mWARN [0;39m [http-nio-8080-exec-4] [36mecommerce-backend[0;39m [35mc-645b0a2d-d76a-493f-bd7a-9db4c1e4f64c[0;39m c.e.e.e.a.a.PerformanceMonitoringAspect - Slow method execution: CatalogService.sellerGetProductDetail took 1419ms
2026-01-22 23:59:41.536 [31mWARN [0;39m [http-nio-8080-exec-4] [36mecommerce-backend[0;39m [35mc-645b0a2d-d76a-493f-bd7a-9db4c1e4f64c[0;39m c.e.e.e.a.a.PerformanceMonitoringAspect - Slow method execution: SellerCatalogController.getDetail took 1456ms
2026-01-22 23:59:41.544 [39mDEBUG[0;39m [http-nio-8080-exec-4] [36mecommerce-backend[0;39m [35mc-645b0a2d-d76a-493f-bd7a-9db4c1e4f64c[0;39m o.s.w.s.m.m.a.HttpEntityMethodProcessor - Using 'application/json', given [application/json, text/plain, */*] and supported [application/json, application/*+json, application/yaml]
2026-01-22 23:59:41.551 [39mDEBUG[0;39m [http-nio-8080-exec-4] [36mecommerce-backend[0;39m [35mc-645b0a2d-d76a-493f-bd7a-9db4c1e4f64c[0;39m o.s.w.s.m.m.a.HttpEntityMethodProcessor - Writing [ApiResponse[success=true, code=SUCCESS, message=Request processed successfully, data=ProductDetailsR (truncated)...]
2026-01-22 23:59:41.735 [34mINFO [0;39m [http-nio-8080-exec-4] [36mecommerce-backend[0;39m [35mc-645b0a2d-d76a-493f-bd7a-9db4c1e4f64c[0;39m o.h.e.i.StatisticalLoggingSessionEventListener - Session Metrics {
    6862100 nanoseconds spent acquiring 1 JDBC connections;
    0 nanoseconds spent releasing 0 JDBC connections;
    8187300 nanoseconds spent preparing 6 JDBC statements;
    166117800 nanoseconds spent executing 6 JDBC statements;
    0 nanoseconds spent executing 0 JDBC batches;
    0 nanoseconds spent performing 0 L2C puts;
    0 nanoseconds spent performing 0 L2C hits;
    0 nanoseconds spent performing 0 L2C misses;
    0 nanoseconds spent executing 0 flushes (flushing a total of 0 entities and 0 collections);
    0 nanoseconds spent executing 0 pre-partial-flushes;
    0 nanoseconds spent executing 0 partial-flushes (flushing a total of 0 entities and 0 collections)
}
2026-01-22 23:59:41.736 [39mDEBUG[0;39m [http-nio-8080-exec-4] [36mecommerce-backend[0;39m [35mc-645b0a2d-d76a-493f-bd7a-9db4c1e4f64c[0;39m o.s.web.servlet.DispatcherServlet - Completed 200 OK
2026-01-22 23:59:41.736 [34mINFO [0;39m [http-nio-8080-exec-4] [36mecommerce-backend[0;39m [35m[0;39m c.e.e.e.a.f.RequestLoggingFilter - RESPONSE [c-13ac2815-e576-46a7-8d2a-3892f71cae3d] GET /api/v1/seller/products/41 200 1967ms
2026-01-22 23:59:41.745 [39mDEBUG[0;39m [http-nio-8080-exec-3] [36mecommerce-backend[0;39m [35m[0;39m o.s.security.web.FilterChainProxy - Securing GET /api/v1/seller/products/41
2026-01-22 23:59:41.749 [39mDEBUG[0;39m [http-nio-8080-exec-3] [36mecommerce-backend[0;39m [35m[0;39m c.e.e.e.a.a.PerformanceMonitoringAspect - Method JwtService.parse executed in 1ms
2026-01-22 23:59:41.753 [39mDEBUG[0;39m [http-nio-8080-exec-3] [36mecommerce-backend[0;39m [35m[0;39m o.s.security.web.FilterChainProxy - Secured GET /api/v1/seller/products/41
2026-01-22 23:59:41.753 [34mINFO [0;39m [http-nio-8080-exec-3] [36mecommerce-backend[0;39m [35mc-ce98d84a-f735-4964-a79b-e173f0bfcb0c[0;39m c.e.e.e.a.f.RequestLoggingFilter - REQUEST [c-ce98d84a-f735-4964-a79b-e173f0bfcb0c] GET /api/v1/seller/products/41 from 0:0:0:0:0:0:0:1
2026-01-22 23:59:41.755 [39mDEBUG[0;39m [http-nio-8080-exec-3] [36mecommerce-backend[0;39m [35mc-248a5371-a013-42c5-868a-278892fb0fee[0;39m o.s.web.servlet.DispatcherServlet - GET "/api/v1/seller/products/41", parameters={}
2026-01-22 23:59:41.755 [39mDEBUG[0;39m [http-nio-8080-exec-3] [36mecommerce-backend[0;39m [35mc-248a5371-a013-42c5-868a-278892fb0fee[0;39m o.s.w.s.m.m.a.RequestMappingHandlerMapping - Mapped to com.example.ecommerce.ecommerce_backend.api.controller.SellerCatalogController#getDetail(Authentication, Long)
2026-01-22 23:59:41.757 [39mDEBUG[0;39m [http-nio-8080-exec-3] [36mecommerce-backend[0;39m [35mc-248a5371-a013-42c5-868a-278892fb0fee[0;39m o.s.s.a.m.AuthorizationManagerBeforeMethodInterceptor - Authorizing method invocation ReflectiveMethodInvocation: public org.springframework.http.ResponseEntity com.example.ecommerce.ecommerce_backend.api.controller.SellerCatalogController.getDetail(org.springframework.security.core.Authentication,java.lang.Long); target is of class [com.example.ecommerce.ecommerce_backend.api.controller.SellerCatalogController]
2026-01-22 23:59:41.757 [39mDEBUG[0;39m [http-nio-8080-exec-3] [36mecommerce-backend[0;39m [35mc-248a5371-a013-42c5-868a-278892fb0fee[0;39m o.s.s.a.m.AuthorizationManagerBeforeMethodInterceptor - Authorized method invocation ReflectiveMethodInvocation: public org.springframework.http.ResponseEntity com.example.ecommerce.ecommerce_backend.api.controller.SellerCatalogController.getDetail(org.springframework.security.core.Authentication,java.lang.Long); target is of class [com.example.ecommerce.ecommerce_backend.api.controller.SellerCatalogController]
2026-01-22 23:59:41.762 [39mDEBUG[0;39m [http-nio-8080-exec-3] [36mecommerce-backend[0;39m [35mc-248a5371-a013-42c5-868a-278892fb0fee[0;39m org.hibernate.SQL - 
    select
        pe1_0.id,
        pe1_0.action_reason,
        pe1_0.average_rating,
        pe1_0.brand_id,
        pe1_0.category_id,
        pe1_0.created_at,
        pe1_0.currency,
        pe1_0.description,
        pe1_0.hidden_at,
        pe1_0.is_featured,
        pe1_0.main_image_url,
        pe1_0.name,
        pe1_0.original_price,
        pe1_0.price,
        pe1_0.published_at,
        pe1_0.quality_score,
        pe1_0.rejected_at,
        pe1_0.rejected_by,
        pe1_0.review_count,
        pe1_0.seller_user_id,
        pe1_0.shipping_fee_type,
        pe1_0.shop_id,
        pe1_0.sku,
        pe1_0.slug,
        pe1_0.sold_count,
        pe1_0.status,
        pe1_0.stock_quantity,
        pe1_0.updated_at,
        pe1_0.version,
        pe1_0.weight_grams 
    from
        product pe1_0 
    where
        pe1_0.id=? 
        and pe1_0.seller_user_id=?
2026-01-22 23:59:41.777 [39mTRACE[0;39m [http-nio-8080-exec-3] [36mecommerce-backend[0;39m [35mc-248a5371-a013-42c5-868a-278892fb0fee[0;39m org.hibernate.orm.jdbc.bind - binding parameter (1:BIGINT) <- [41]
2026-01-22 23:59:41.778 [39mTRACE[0;39m [http-nio-8080-exec-3] [36mecommerce-backend[0;39m [35mc-248a5371-a013-42c5-868a-278892fb0fee[0;39m org.hibernate.orm.jdbc.bind - binding parameter (2:BIGINT) <- [16]
2026-01-22 23:59:41.797 [39mDEBUG[0;39m [http-nio-8080-exec-3] [36mecommerce-backend[0;39m [35mc-248a5371-a013-42c5-868a-278892fb0fee[0;39m o.h.stat.internal.StatisticsImpl - HHH000117: HQL: [CRITERIA] select pe1_0.id,pe1_0.action_reason,pe1_0.average_rating,pe1_0.brand_id,pe1_0.category_id,pe1_0.created_at,pe1_0.currency,pe1_0.description,pe1_0.hidden_at,pe1_0.is_featured,pe1_0.main_image_url,pe1_0.name,pe1_0.original_price,pe1_0.price,pe1_0.published_at,pe1_0.quality_score,pe1_0.rejected_at,pe1_0.rejected_by,pe1_0.review_count,pe1_0.seller_user_id,pe1_0.shipping_fee_type,pe1_0.shop_id,pe1_0.sku,pe1_0.slug,pe1_0.sold_count,pe1_0.status,pe1_0.stock_quantity,pe1_0.updated_at,pe1_0.version,pe1_0.weight_grams from product pe1_0 where pe1_0.id=? and pe1_0.seller_user_id=?, time: 0ms, rows: 1
2026-01-22 23:59:41.798 [39mDEBUG[0;39m [http-nio-8080-exec-3] [36mecommerce-backend[0;39m [35mc-248a5371-a013-42c5-868a-278892fb0fee[0;39m org.hibernate.SQL - 
    select
        pie1_0.id,
        pie1_0.created_at,
        pie1_0.image_url,
        pie1_0.product_id,
        pie1_0.sort_order 
    from
        product_image pie1_0 
    where
        pie1_0.product_id=? 
    order by
        pie1_0.sort_order
2026-01-22 23:59:41.800 [39mTRACE[0;39m [http-nio-8080-exec-3] [36mecommerce-backend[0;39m [35mc-248a5371-a013-42c5-868a-278892fb0fee[0;39m org.hibernate.orm.jdbc.bind - binding parameter (1:BIGINT) <- [41]
2026-01-22 23:59:41.842 [39mDEBUG[0;39m [http-nio-8080-exec-3] [36mecommerce-backend[0;39m [35mc-248a5371-a013-42c5-868a-278892fb0fee[0;39m o.h.stat.internal.StatisticsImpl - HHH000117: HQL: [CRITERIA] select pie1_0.id,pie1_0.created_at,pie1_0.image_url,pie1_0.product_id,pie1_0.sort_order from product_image pie1_0 where pie1_0.product_id=? order by pie1_0.sort_order, time: 0ms, rows: 1
2026-01-22 23:59:41.845 [39mDEBUG[0;39m [http-nio-8080-exec-3] [36mecommerce-backend[0;39m [35mc-248a5371-a013-42c5-868a-278892fb0fee[0;39m org.hibernate.SQL - 
    select
        se1_0.id,
        se1_0.is_active,
        se1_0.compare_at_price,
        se1_0.created_at,
        se1_0.image_url,
        se1_0.option_signature,
        se1_0.option_signature_hash,
        se1_0.price,
        se1_0.product_id,
        se1_0.reserved_stock,
        se1_0.sku_code,
        se1_0.stock_on_hand,
        se1_0.updated_at,
        se1_0.version 
    from
        product_sku se1_0 
    where
        se1_0.product_id=? 
    order by
        se1_0.id
2026-01-22 23:59:41.846 [39mTRACE[0;39m [http-nio-8080-exec-3] [36mecommerce-backend[0;39m [35mc-248a5371-a013-42c5-868a-278892fb0fee[0;39m org.hibernate.orm.jdbc.bind - binding parameter (1:BIGINT) <- [41]
2026-01-22 23:59:41.859 [39mDEBUG[0;39m [http-nio-8080-exec-3] [36mecommerce-backend[0;39m [35mc-248a5371-a013-42c5-868a-278892fb0fee[0;39m o.h.stat.internal.StatisticsImpl - HHH000117: HQL: [CRITERIA] select se1_0.id,se1_0.is_active,se1_0.compare_at_price,se1_0.created_at,se1_0.image_url,se1_0.option_signature,se1_0.option_signature_hash,se1_0.price,se1_0.product_id,se1_0.reserved_stock,se1_0.sku_code,se1_0.stock_on_hand,se1_0.updated_at,se1_0.version from product_sku se1_0 where se1_0.product_id=? order by se1_0.id, time: 0ms, rows: 0
2026-01-22 23:59:41.864 [39mDEBUG[0;39m [http-nio-8080-exec-3] [36mecommerce-backend[0;39m [35mc-248a5371-a013-42c5-868a-278892fb0fee[0;39m org.hibernate.SQL - 
    select
        oge1_0.id,
        oge1_0.created_at,
        oge1_0.name,
        oge1_0.product_id,
        oge1_0.sort_order 
    from
        product_option_group oge1_0 
    where
        oge1_0.product_id=? 
    order by
        oge1_0.sort_order,
        oge1_0.id
2026-01-22 23:59:41.865 [39mTRACE[0;39m [http-nio-8080-exec-3] [36mecommerce-backend[0;39m [35mc-248a5371-a013-42c5-868a-278892fb0fee[0;39m org.hibernate.orm.jdbc.bind - binding parameter (1:BIGINT) <- [41]
2026-01-22 23:59:41.877 [39mDEBUG[0;39m [http-nio-8080-exec-3] [36mecommerce-backend[0;39m [35mc-248a5371-a013-42c5-868a-278892fb0fee[0;39m o.h.stat.internal.StatisticsImpl - HHH000117: HQL: [CRITERIA] select oge1_0.id,oge1_0.created_at,oge1_0.name,oge1_0.product_id,oge1_0.sort_order from product_option_group oge1_0 where oge1_0.product_id=? order by oge1_0.sort_order,oge1_0.id, time: 0ms, rows: 0
2026-01-22 23:59:41.884 [39mDEBUG[0;39m [http-nio-8080-exec-3] [36mecommerce-backend[0;39m [35mc-248a5371-a013-42c5-868a-278892fb0fee[0;39m org.hibernate.SQL - 
    select
        sse1_0.id,
        sse1_0.address,
        sse1_0.bank_account_name,
        sse1_0.bank_account_number,
        sse1_0.bank_name,
        sse1_0.banner_url,
        sse1_0.city,
        sse1_0.contact_email,
        sse1_0.contact_name,
        sse1_0.contact_phone,
        sse1_0.description,
        sse1_0.identity_code,
        sse1_0.logo_url,
        sse1_0.seller_user_id,
        sse1_0.shop_name,
        sse1_0.shop_slug,
        sse1_0.status,
        sse1_0.suspended_reason,
        sse1_0.tax_code,
        sse1_0.verified_at,
        sse1_0.version 
    from
        seller_shop sse1_0 
    where
        sse1_0.id=?
2026-01-22 23:59:41.884 [39mTRACE[0;39m [http-nio-8080-exec-3] [36mecommerce-backend[0;39m [35mc-248a5371-a013-42c5-868a-278892fb0fee[0;39m org.hibernate.orm.jdbc.bind - binding parameter (1:BIGINT) <- [10]
2026-01-22 23:59:41.903 [39mDEBUG[0;39m [http-nio-8080-exec-3] [36mecommerce-backend[0;39m [35mc-248a5371-a013-42c5-868a-278892fb0fee[0;39m org.hibernate.SQL - 
    select
        pave1_0.id,
        a1_0.id,
        ag1_0.id,
        ag1_0.created_at,
        ag1_0.description,
        ag1_0.is_active,
        ag1_0.name,
        ag1_0.slug,
        ag1_0.sort_order,
        ag1_0.updated_at,
        a1_0.attribute_group_id,
        a1_0.created_at,
        a1_0.data_type,
        a1_0.description,
        a1_0.is_active,
        a1_0.is_comparable,
        a1_0.is_filterable,
        a1_0.name,
        a1_0.slug,
        a1_0.sort_order,
        a1_0.unit,
        a1_0.updated_at,
        pave1_0.attribute_id,
        pave1_0.created_at,
        pave1_0.display_value,
        pave1_0.product_id,
        pave1_0.updated_at,
        pave1_0.value_boolean,
        pave1_0.value_number,
        pave1_0.value_text 
    from
        product_attribute_value pave1_0 
    join
        attribute a1_0 
            on a1_0.id=pave1_0.attribute_id 
    join
        attribute_group ag1_0 
            on ag1_0.id=a1_0.attribute_group_id 
    where
        pave1_0.product_id=? 
        and a1_0.is_active=1 
        and ag1_0.is_active=1 
    order by
        ag1_0.sort_order,
        a1_0.sort_order
2026-01-22 23:59:41.904 [39mTRACE[0;39m [http-nio-8080-exec-3] [36mecommerce-backend[0;39m [35mc-248a5371-a013-42c5-868a-278892fb0fee[0;39m org.hibernate.orm.jdbc.bind - binding parameter (1:BIGINT) <- [41]
2026-01-22 23:59:41.928 [39mDEBUG[0;39m [http-nio-8080-exec-3] [36mecommerce-backend[0;39m [35mc-248a5371-a013-42c5-868a-278892fb0fee[0;39m o.h.stat.internal.StatisticsImpl - HHH000117: HQL:     SELECT pav FROM ProductAttributeValueEntity pav
    JOIN FETCH pav.attribute a
    JOIN FETCH a.attributeGroup ag
    WHERE pav.productId = :productId
    AND a.isActive = true
    AND ag.isActive = true
    ORDER BY ag.sortOrder, a.sortOrder
, time: 0ms, rows: 0
2026-01-22 23:59:41.928 [39mDEBUG[0;39m [http-nio-8080-exec-3] [36mecommerce-backend[0;39m [35mc-248a5371-a013-42c5-868a-278892fb0fee[0;39m c.e.e.e.a.a.PerformanceMonitoringAspect - Method CatalogService.sellerGetProductDetail executed in 171ms
2026-01-22 23:59:41.929 [39mDEBUG[0;39m [http-nio-8080-exec-3] [36mecommerce-backend[0;39m [35mc-248a5371-a013-42c5-868a-278892fb0fee[0;39m c.e.e.e.a.a.PerformanceMonitoringAspect - Method SellerCatalogController.getDetail executed in 172ms
2026-01-22 23:59:41.933 [39mDEBUG[0;39m [http-nio-8080-exec-3] [36mecommerce-backend[0;39m [35mc-248a5371-a013-42c5-868a-278892fb0fee[0;39m o.s.w.s.m.m.a.HttpEntityMethodProcessor - Using 'application/json', given [application/json, text/plain, */*] and supported [application/json, application/*+json, application/yaml]
2026-01-22 23:59:41.935 [39mDEBUG[0;39m [http-nio-8080-exec-3] [36mecommerce-backend[0;39m [35mc-248a5371-a013-42c5-868a-278892fb0fee[0;39m o.s.w.s.m.m.a.HttpEntityMethodProcessor - Writing [ApiResponse[success=true, code=SUCCESS, message=Request processed successfully, data=ProductDetailsR (truncated)...]
2026-01-22 23:59:41.936 [34mINFO [0;39m [http-nio-8080-exec-3] [36mecommerce-backend[0;39m [35mc-248a5371-a013-42c5-868a-278892fb0fee[0;39m o.h.e.i.StatisticalLoggingSessionEventListener - Session Metrics {
    11726000 nanoseconds spent acquiring 1 JDBC connections;
    0 nanoseconds spent releasing 0 JDBC connections;
    13542100 nanoseconds spent preparing 6 JDBC statements;
    113808500 nanoseconds spent executing 6 JDBC statements;
    0 nanoseconds spent executing 0 JDBC batches;
    0 nanoseconds spent performing 0 L2C puts;
    0 nanoseconds spent performing 0 L2C hits;
    0 nanoseconds spent performing 0 L2C misses;
    0 nanoseconds spent executing 0 flushes (flushing a total of 0 entities and 0 collections);
    0 nanoseconds spent executing 0 pre-partial-flushes;
    0 nanoseconds spent executing 0 partial-flushes (flushing a total of 0 entities and 0 collections)
}
2026-01-22 23:59:41.937 [39mDEBUG[0;39m [http-nio-8080-exec-3] [36mecommerce-backend[0;39m [35mc-248a5371-a013-42c5-868a-278892fb0fee[0;39m o.s.web.servlet.DispatcherServlet - Completed 200 OK
2026-01-22 23:59:41.937 [34mINFO [0;39m [http-nio-8080-exec-3] [36mecommerce-backend[0;39m [35m[0;39m c.e.e.e.a.f.RequestLoggingFilter - RESPONSE [c-ce98d84a-f735-4964-a79b-e173f0bfcb0c] GET /api/v1/seller/products/41 200 184ms
2026-01-22 23:59:49.718 [39mDEBUG[0;39m [http-nio-8080-exec-9] [36mecommerce-backend[0;39m [35m[0;39m o.s.security.web.FilterChainProxy - Securing OPTIONS /api/v1/seller/products/41
2026-01-22 23:59:49.732 [39mDEBUG[0;39m [http-nio-8080-exec-2] [36mecommerce-backend[0;39m [35m[0;39m o.s.security.web.FilterChainProxy - Securing PUT /api/v1/seller/products/41
2026-01-22 23:59:49.737 [39mDEBUG[0;39m [http-nio-8080-exec-2] [36mecommerce-backend[0;39m [35m[0;39m c.e.e.e.a.a.PerformanceMonitoringAspect - Method JwtService.parse executed in 1ms
2026-01-22 23:59:49.741 [39mDEBUG[0;39m [http-nio-8080-exec-2] [36mecommerce-backend[0;39m [35m[0;39m o.s.security.web.FilterChainProxy - Secured PUT /api/v1/seller/products/41
2026-01-22 23:59:49.741 [34mINFO [0;39m [http-nio-8080-exec-2] [36mecommerce-backend[0;39m [35mc-47d72cd9-44b4-4456-a04a-e089a2e6f35b[0;39m c.e.e.e.a.f.RequestLoggingFilter - REQUEST [c-47d72cd9-44b4-4456-a04a-e089a2e6f35b] PUT /api/v1/seller/products/41 from 0:0:0:0:0:0:0:1
2026-01-22 23:59:49.742 [39mDEBUG[0;39m [http-nio-8080-exec-2] [36mecommerce-backend[0;39m [35mc-e4414928-5d16-41cd-ac75-8f43a5c179fa[0;39m o.s.web.servlet.DispatcherServlet - PUT "/api/v1/seller/products/41", parameters={}
2026-01-22 23:59:49.743 [39mDEBUG[0;39m [http-nio-8080-exec-2] [36mecommerce-backend[0;39m [35mc-e4414928-5d16-41cd-ac75-8f43a5c179fa[0;39m o.s.w.s.m.m.a.RequestMappingHandlerMapping - Mapped to com.example.ecommerce.ecommerce_backend.api.controller.SellerCatalogController#update(Authentication, Long, SellerUpdateProductRequest)
2026-01-22 23:59:49.895 [39mDEBUG[0;39m [http-nio-8080-exec-2] [36mecommerce-backend[0;39m [35mc-e4414928-5d16-41cd-ac75-8f43a5c179fa[0;39m o.s.w.s.m.m.a.RequestResponseBodyMethodProcessor - Read "application/json;charset=UTF-8" to [SellerUpdateProductRequest[categoryId=41, brandId=1, name=IPHONE, description=điện thoại thông minh, (truncated)...]
2026-01-22 23:59:49.934 [39mDEBUG[0;39m [http-nio-8080-exec-2] [36mecommerce-backend[0;39m [35mc-e4414928-5d16-41cd-ac75-8f43a5c179fa[0;39m o.s.s.a.m.AuthorizationManagerBeforeMethodInterceptor - Authorizing method invocation ReflectiveMethodInvocation: public org.springframework.http.ResponseEntity com.example.ecommerce.ecommerce_backend.api.controller.SellerCatalogController.update(org.springframework.security.core.Authentication,java.lang.Long,com.example.ecommerce.ecommerce_backend.api.dto.catalog.SellerUpdateProductRequest); target is of class [com.example.ecommerce.ecommerce_backend.api.controller.SellerCatalogController]
2026-01-22 23:59:49.939 [39mDEBUG[0;39m [http-nio-8080-exec-2] [36mecommerce-backend[0;39m [35mc-e4414928-5d16-41cd-ac75-8f43a5c179fa[0;39m o.s.s.a.m.AuthorizationManagerBeforeMethodInterceptor - Authorized method invocation ReflectiveMethodInvocation: public org.springframework.http.ResponseEntity com.example.ecommerce.ecommerce_backend.api.controller.SellerCatalogController.update(org.springframework.security.core.Authentication,java.lang.Long,com.example.ecommerce.ecommerce_backend.api.dto.catalog.SellerUpdateProductRequest); target is of class [com.example.ecommerce.ecommerce_backend.api.controller.SellerCatalogController]
2026-01-22 23:59:49.998 [39mDEBUG[0;39m [http-nio-8080-exec-2] [36mecommerce-backend[0;39m [35mc-e4414928-5d16-41cd-ac75-8f43a5c179fa[0;39m org.hibernate.SQL - 
    select
        pe1_0.id,
        pe1_0.action_reason,
        pe1_0.average_rating,
        pe1_0.brand_id,
        pe1_0.category_id,
        pe1_0.created_at,
        pe1_0.currency,
        pe1_0.description,
        pe1_0.hidden_at,
        pe1_0.is_featured,
        pe1_0.main_image_url,
        pe1_0.name,
        pe1_0.original_price,
        pe1_0.price,
        pe1_0.published_at,
        pe1_0.quality_score,
        pe1_0.rejected_at,
        pe1_0.rejected_by,
        pe1_0.review_count,
        pe1_0.seller_user_id,
        pe1_0.shipping_fee_type,
        pe1_0.shop_id,
        pe1_0.sku,
        pe1_0.slug,
        pe1_0.sold_count,
        pe1_0.status,
        pe1_0.stock_quantity,
        pe1_0.updated_at,
        pe1_0.version,
        pe1_0.weight_grams 
    from
        product pe1_0 
    where
        pe1_0.id=? 
        and pe1_0.seller_user_id=?
2026-01-22 23:59:49.999 [39mTRACE[0;39m [http-nio-8080-exec-2] [36mecommerce-backend[0;39m [35mc-e4414928-5d16-41cd-ac75-8f43a5c179fa[0;39m org.hibernate.orm.jdbc.bind - binding parameter (1:BIGINT) <- [41]
2026-01-22 23:59:49.999 [39mTRACE[0;39m [http-nio-8080-exec-2] [36mecommerce-backend[0;39m [35mc-e4414928-5d16-41cd-ac75-8f43a5c179fa[0;39m org.hibernate.orm.jdbc.bind - binding parameter (2:BIGINT) <- [16]
2026-01-22 23:59:50.013 [39mDEBUG[0;39m [http-nio-8080-exec-2] [36mecommerce-backend[0;39m [35mc-e4414928-5d16-41cd-ac75-8f43a5c179fa[0;39m o.h.stat.internal.StatisticsImpl - HHH000117: HQL: [CRITERIA] select pe1_0.id,pe1_0.action_reason,pe1_0.average_rating,pe1_0.brand_id,pe1_0.category_id,pe1_0.created_at,pe1_0.currency,pe1_0.description,pe1_0.hidden_at,pe1_0.is_featured,pe1_0.main_image_url,pe1_0.name,pe1_0.original_price,pe1_0.price,pe1_0.published_at,pe1_0.quality_score,pe1_0.rejected_at,pe1_0.rejected_by,pe1_0.review_count,pe1_0.seller_user_id,pe1_0.shipping_fee_type,pe1_0.shop_id,pe1_0.sku,pe1_0.slug,pe1_0.sold_count,pe1_0.status,pe1_0.stock_quantity,pe1_0.updated_at,pe1_0.version,pe1_0.weight_grams from product pe1_0 where pe1_0.id=? and pe1_0.seller_user_id=?, time: 0ms, rows: 1
2026-01-22 23:59:50.137 [39mDEBUG[0;39m [http-nio-8080-exec-2] [36mecommerce-backend[0;39m [35mc-e4414928-5d16-41cd-ac75-8f43a5c179fa[0;39m c.e.e.e.a.a.PerformanceMonitoringAspect - Method CatalogService.sellerUpdate executed in 171ms
2026-01-22 23:59:50.198 [39mDEBUG[0;39m [http-nio-8080-exec-2] [36mecommerce-backend[0;39m [35mc-e4414928-5d16-41cd-ac75-8f43a5c179fa[0;39m c.e.e.e.a.a.PerformanceMonitoringAspect - Method SellerCatalogController.update executed in 258ms
2026-01-22 23:59:50.200 [39mDEBUG[0;39m [http-nio-8080-exec-2] [36mecommerce-backend[0;39m [35mc-e4414928-5d16-41cd-ac75-8f43a5c179fa[0;39m o.s.w.s.m.m.a.HttpEntityMethodProcessor - Using 'application/json', given [application/json, text/plain, */*] and supported [application/json, application/*+json, application/yaml]
2026-01-22 23:59:50.201 [39mDEBUG[0;39m [http-nio-8080-exec-2] [36mecommerce-backend[0;39m [35mc-e4414928-5d16-41cd-ac75-8f43a5c179fa[0;39m o.s.w.s.m.m.a.HttpEntityMethodProcessor - Writing [ApiResponse[success=true, code=SUCCESS, message=Product updated, data=com.example.ecommerce.ecommerc (truncated)...]
2026-01-22 23:59:50.203 [34mINFO [0;39m [http-nio-8080-exec-2] [36mecommerce-backend[0;39m [35mc-e4414928-5d16-41cd-ac75-8f43a5c179fa[0;39m o.h.e.i.StatisticalLoggingSessionEventListener - Session Metrics {
    16932600 nanoseconds spent acquiring 1 JDBC connections;
    0 nanoseconds spent releasing 0 JDBC connections;
    745200 nanoseconds spent preparing 1 JDBC statements;
    12320000 nanoseconds spent executing 1 JDBC statements;
    0 nanoseconds spent executing 0 JDBC batches;
    0 nanoseconds spent performing 0 L2C puts;
    0 nanoseconds spent performing 0 L2C hits;
    0 nanoseconds spent performing 0 L2C misses;
    35884800 nanoseconds spent executing 1 flushes (flushing a total of 1 entities and 0 collections);
    1000 nanoseconds spent executing 1 pre-partial-flushes;
    184100 nanoseconds spent executing 1 partial-flushes (flushing a total of 0 entities and 0 collections)
}
2026-01-22 23:59:50.204 [39mDEBUG[0;39m [http-nio-8080-exec-2] [36mecommerce-backend[0;39m [35mc-e4414928-5d16-41cd-ac75-8f43a5c179fa[0;39m o.s.web.servlet.DispatcherServlet - Completed 200 OK
2026-01-22 23:59:50.204 [34mINFO [0;39m [http-nio-8080-exec-2] [36mecommerce-backend[0;39m [35m[0;39m c.e.e.e.a.f.RequestLoggingFilter - RESPONSE [c-47d72cd9-44b4-4456-a04a-e089a2e6f35b] PUT /api/v1/seller/products/41 200 463ms
2026-01-22 23:59:50.217 [39mDEBUG[0;39m [http-nio-8080-exec-7] [36mecommerce-backend[0;39m [35m[0;39m o.s.security.web.FilterChainProxy - Securing PUT /api/v1/seller/products/41/shipping
2026-01-22 23:59:50.219 [39mDEBUG[0;39m [http-nio-8080-exec-7] [36mecommerce-backend[0;39m [35m[0;39m c.e.e.e.a.a.PerformanceMonitoringAspect - Method JwtService.parse executed in 2ms
2026-01-22 23:59:50.222 [39mDEBUG[0;39m [http-nio-8080-exec-7] [36mecommerce-backend[0;39m [35m[0;39m o.s.security.web.FilterChainProxy - Secured PUT /api/v1/seller/products/41/shipping
2026-01-22 23:59:50.222 [34mINFO [0;39m [http-nio-8080-exec-7] [36mecommerce-backend[0;39m [35mc-b92909de-3f88-4361-98f9-3a5e77fb9260[0;39m c.e.e.e.a.f.RequestLoggingFilter - REQUEST [c-b92909de-3f88-4361-98f9-3a5e77fb9260] PUT /api/v1/seller/products/41/shipping from 0:0:0:0:0:0:0:1
2026-01-22 23:59:50.222 [39mDEBUG[0;39m [http-nio-8080-exec-7] [36mecommerce-backend[0;39m [35mc-1c9d73d5-c528-4c12-851f-1b30367b8808[0;39m o.s.web.servlet.DispatcherServlet - PUT "/api/v1/seller/products/41/shipping", parameters={}
2026-01-22 23:59:50.223 [39mDEBUG[0;39m [http-nio-8080-exec-7] [36mecommerce-backend[0;39m [35mc-1c9d73d5-c528-4c12-851f-1b30367b8808[0;39m o.s.w.s.m.m.a.RequestMappingHandlerMapping - Mapped to com.example.ecommerce.ecommerce_backend.api.controller.SellerProductController#updateShipping(Long, ShippingInfoRequest)
2026-01-22 23:59:50.228 [39mDEBUG[0;39m [http-nio-8080-exec-7] [36mecommerce-backend[0;39m [35mc-1c9d73d5-c528-4c12-851f-1b30367b8808[0;39m o.s.w.s.m.m.a.RequestResponseBodyMethodProcessor - Read "application/json;charset=UTF-8" to [ShippingInfoRequest[weightGrams=1, shippingFeeType=SELLER_PAID]]
2026-01-22 23:59:50.230 [39mDEBUG[0;39m [http-nio-8080-exec-7] [36mecommerce-backend[0;39m [35mc-1c9d73d5-c528-4c12-851f-1b30367b8808[0;39m o.s.s.a.m.AuthorizationManagerBeforeMethodInterceptor - Authorizing method invocation ReflectiveMethodInvocation: public org.springframework.http.ResponseEntity com.example.ecommerce.ecommerce_backend.api.controller.SellerProductController.updateShipping(java.lang.Long,com.example.ecommerce.ecommerce_backend.api.controller.SellerProductController$ShippingInfoRequest); target is of class [com.example.ecommerce.ecommerce_backend.api.controller.SellerProductController]
2026-01-22 23:59:50.237 [39mDEBUG[0;39m [http-nio-8080-exec-7] [36mecommerce-backend[0;39m [35mc-1c9d73d5-c528-4c12-851f-1b30367b8808[0;39m o.s.s.a.m.AuthorizationManagerBeforeMethodInterceptor - Authorized method invocation ReflectiveMethodInvocation: public org.springframework.http.ResponseEntity com.example.ecommerce.ecommerce_backend.api.controller.SellerProductController.updateShipping(java.lang.Long,com.example.ecommerce.ecommerce_backend.api.controller.SellerProductController$ShippingInfoRequest); target is of class [com.example.ecommerce.ecommerce_backend.api.controller.SellerProductController]
2026-01-22 23:59:50.242 [39mDEBUG[0;39m [http-nio-8080-exec-7] [36mecommerce-backend[0;39m [35mc-1c9d73d5-c528-4c12-851f-1b30367b8808[0;39m org.hibernate.SQL - 
    select
        pe1_0.id,
        pe1_0.action_reason,
        pe1_0.average_rating,
        pe1_0.brand_id,
        pe1_0.category_id,
        pe1_0.created_at,
        pe1_0.currency,
        pe1_0.description,
        pe1_0.hidden_at,
        pe1_0.is_featured,
        pe1_0.main_image_url,
        pe1_0.name,
        pe1_0.original_price,
        pe1_0.price,
        pe1_0.published_at,
        pe1_0.quality_score,
        pe1_0.rejected_at,
        pe1_0.rejected_by,
        pe1_0.review_count,
        pe1_0.seller_user_id,
        pe1_0.shipping_fee_type,
        pe1_0.shop_id,
        pe1_0.sku,
        pe1_0.slug,
        pe1_0.sold_count,
        pe1_0.status,
        pe1_0.stock_quantity,
        pe1_0.updated_at,
        pe1_0.version,
        pe1_0.weight_grams 
    from
        product pe1_0 
    where
        pe1_0.id=? 
        and pe1_0.seller_user_id=?
2026-01-22 23:59:50.244 [39mTRACE[0;39m [http-nio-8080-exec-7] [36mecommerce-backend[0;39m [35mc-1c9d73d5-c528-4c12-851f-1b30367b8808[0;39m org.hibernate.orm.jdbc.bind - binding parameter (1:BIGINT) <- [41]
2026-01-22 23:59:50.244 [39mTRACE[0;39m [http-nio-8080-exec-7] [36mecommerce-backend[0;39m [35mc-1c9d73d5-c528-4c12-851f-1b30367b8808[0;39m org.hibernate.orm.jdbc.bind - binding parameter (2:BIGINT) <- [16]
2026-01-22 23:59:50.256 [39mDEBUG[0;39m [http-nio-8080-exec-7] [36mecommerce-backend[0;39m [35mc-1c9d73d5-c528-4c12-851f-1b30367b8808[0;39m o.h.stat.internal.StatisticsImpl - HHH000117: HQL: [CRITERIA] select pe1_0.id,pe1_0.action_reason,pe1_0.average_rating,pe1_0.brand_id,pe1_0.category_id,pe1_0.created_at,pe1_0.currency,pe1_0.description,pe1_0.hidden_at,pe1_0.is_featured,pe1_0.main_image_url,pe1_0.name,pe1_0.original_price,pe1_0.price,pe1_0.published_at,pe1_0.quality_score,pe1_0.rejected_at,pe1_0.rejected_by,pe1_0.review_count,pe1_0.seller_user_id,pe1_0.shipping_fee_type,pe1_0.shop_id,pe1_0.sku,pe1_0.slug,pe1_0.sold_count,pe1_0.status,pe1_0.stock_quantity,pe1_0.updated_at,pe1_0.version,pe1_0.weight_grams from product pe1_0 where pe1_0.id=? and pe1_0.seller_user_id=?, time: 0ms, rows: 1
2026-01-22 23:59:50.284 [39mDEBUG[0;39m [http-nio-8080-exec-7] [36mecommerce-backend[0;39m [35mc-1c9d73d5-c528-4c12-851f-1b30367b8808[0;39m org.hibernate.SQL - 
    select
        pie1_0.id,
        pie1_0.created_at,
        pie1_0.image_url,
        pie1_0.product_id,
        pie1_0.sort_order 
    from
        product_image pie1_0 
    where
        pie1_0.product_id=? 
    order by
        pie1_0.sort_order
2026-01-22 23:59:50.285 [39mTRACE[0;39m [http-nio-8080-exec-7] [36mecommerce-backend[0;39m [35mc-1c9d73d5-c528-4c12-851f-1b30367b8808[0;39m org.hibernate.orm.jdbc.bind - binding parameter (1:BIGINT) <- [41]
2026-01-22 23:59:50.291 [39mDEBUG[0;39m [http-nio-8080-exec-7] [36mecommerce-backend[0;39m [35mc-1c9d73d5-c528-4c12-851f-1b30367b8808[0;39m o.h.stat.internal.StatisticsImpl - HHH000117: HQL: [CRITERIA] select pie1_0.id,pie1_0.created_at,pie1_0.image_url,pie1_0.product_id,pie1_0.sort_order from product_image pie1_0 where pie1_0.product_id=? order by pie1_0.sort_order, time: 0ms, rows: 1
2026-01-22 23:59:50.296 [39mDEBUG[0;39m [http-nio-8080-exec-7] [36mecommerce-backend[0;39m [35mc-1c9d73d5-c528-4c12-851f-1b30367b8808[0;39m org.hibernate.SQL - 
    select
        se1_0.id,
        se1_0.is_active,
        se1_0.compare_at_price,
        se1_0.created_at,
        se1_0.image_url,
        se1_0.option_signature,
        se1_0.option_signature_hash,
        se1_0.price,
        se1_0.product_id,
        se1_0.reserved_stock,
        se1_0.sku_code,
        se1_0.stock_on_hand,
        se1_0.updated_at,
        se1_0.version 
    from
        product_sku se1_0 
    where
        se1_0.product_id=? 
    order by
        se1_0.id
2026-01-22 23:59:50.297 [39mTRACE[0;39m [http-nio-8080-exec-7] [36mecommerce-backend[0;39m [35mc-1c9d73d5-c528-4c12-851f-1b30367b8808[0;39m org.hibernate.orm.jdbc.bind - binding parameter (1:BIGINT) <- [41]
2026-01-22 23:59:50.305 [39mDEBUG[0;39m [http-nio-8080-exec-7] [36mecommerce-backend[0;39m [35mc-1c9d73d5-c528-4c12-851f-1b30367b8808[0;39m o.h.stat.internal.StatisticsImpl - HHH000117: HQL: [CRITERIA] select se1_0.id,se1_0.is_active,se1_0.compare_at_price,se1_0.created_at,se1_0.image_url,se1_0.option_signature,se1_0.option_signature_hash,se1_0.price,se1_0.product_id,se1_0.reserved_stock,se1_0.sku_code,se1_0.stock_on_hand,se1_0.updated_at,se1_0.version from product_sku se1_0 where se1_0.product_id=? order by se1_0.id, time: 0ms, rows: 0
2026-01-22 23:59:50.310 [39mDEBUG[0;39m [http-nio-8080-exec-7] [36mecommerce-backend[0;39m [35mc-1c9d73d5-c528-4c12-851f-1b30367b8808[0;39m c.e.e.e.a.a.PerformanceMonitoringAspect - Method ProductQualityService.updateQualityScore executed in 34ms
2026-01-22 23:59:50.315 [39mDEBUG[0;39m [http-nio-8080-exec-7] [36mecommerce-backend[0;39m [35mc-1c9d73d5-c528-4c12-851f-1b30367b8808[0;39m c.e.e.e.a.a.PerformanceMonitoringAspect - Method SellerProductController.updateShipping executed in 78ms
2026-01-22 23:59:50.317 [39mDEBUG[0;39m [http-nio-8080-exec-7] [36mecommerce-backend[0;39m [35mc-1c9d73d5-c528-4c12-851f-1b30367b8808[0;39m o.s.w.s.m.m.a.HttpEntityMethodProcessor - Using 'application/json', given [application/json, text/plain, */*] and supported [application/json, application/*+json, application/yaml]
2026-01-22 23:59:50.317 [39mDEBUG[0;39m [http-nio-8080-exec-7] [36mecommerce-backend[0;39m [35mc-1c9d73d5-c528-4c12-851f-1b30367b8808[0;39m o.s.w.s.m.m.a.HttpEntityMethodProcessor - Writing [ApiResponse[success=true, code=SUCCESS, message=Request processed successfully, data=com.example.eco (truncated)...]
2026-01-22 23:59:50.317 [34mINFO [0;39m [http-nio-8080-exec-7] [36mecommerce-backend[0;39m [35mc-1c9d73d5-c528-4c12-851f-1b30367b8808[0;39m o.h.e.i.StatisticalLoggingSessionEventListener - Session Metrics {
    1864200 nanoseconds spent acquiring 1 JDBC connections;
    0 nanoseconds spent releasing 0 JDBC connections;
    2928400 nanoseconds spent preparing 3 JDBC statements;
    24266100 nanoseconds spent executing 3 JDBC statements;
    0 nanoseconds spent executing 0 JDBC batches;
    0 nanoseconds spent performing 0 L2C puts;
    0 nanoseconds spent performing 0 L2C hits;
    0 nanoseconds spent performing 0 L2C misses;
    314800 nanoseconds spent executing 2 flushes (flushing a total of 3 entities and 0 collections);
    2632800 nanoseconds spent executing 2 pre-partial-flushes;
    402800 nanoseconds spent executing 2 partial-flushes (flushing a total of 3 entities and 3 collections)
}
2026-01-22 23:59:50.317 [39mDEBUG[0;39m [http-nio-8080-exec-7] [36mecommerce-backend[0;39m [35mc-1c9d73d5-c528-4c12-851f-1b30367b8808[0;39m o.s.web.servlet.DispatcherServlet - Completed 200 OK
2026-01-22 23:59:50.317 [34mINFO [0;39m [http-nio-8080-exec-7] [36mecommerce-backend[0;39m [35m[0;39m c.e.e.e.a.f.RequestLoggingFilter - RESPONSE [c-b92909de-3f88-4361-98f9-3a5e77fb9260] PUT /api/v1/seller/products/41/shipping 200 95ms
2026-01-22 23:59:52.750 [39mDEBUG[0;39m [http-nio-8080-exec-10] [36mecommerce-backend[0;39m [35m[0;39m o.s.security.web.FilterChainProxy - Securing GET /api/v1/seller/products
2026-01-22 23:59:52.752 [39mDEBUG[0;39m [http-nio-8080-exec-10] [36mecommerce-backend[0;39m [35m[0;39m c.e.e.e.a.a.PerformanceMonitoringAspect - Method JwtService.parse executed in 1ms
2026-01-22 23:59:52.755 [39mDEBUG[0;39m [http-nio-8080-exec-10] [36mecommerce-backend[0;39m [35m[0;39m o.s.security.web.FilterChainProxy - Secured GET /api/v1/seller/products
2026-01-22 23:59:52.755 [34mINFO [0;39m [http-nio-8080-exec-10] [36mecommerce-backend[0;39m [35mc-b282b34b-0cc7-45b9-b9b7-c9d884b773f3[0;39m c.e.e.e.a.f.RequestLoggingFilter - REQUEST [c-b282b34b-0cc7-45b9-b9b7-c9d884b773f3] GET /api/v1/seller/products from 0:0:0:0:0:0:0:1
2026-01-22 23:59:52.755 [39mDEBUG[0;39m [http-nio-8080-exec-10] [36mecommerce-backend[0;39m [35mc-c796878c-4f80-4435-be80-5d282d69c26f[0;39m o.s.web.servlet.DispatcherServlet - GET "/api/v1/seller/products", parameters={}
2026-01-22 23:59:52.755 [39mDEBUG[0;39m [http-nio-8080-exec-10] [36mecommerce-backend[0;39m [35mc-c796878c-4f80-4435-be80-5d282d69c26f[0;39m o.s.w.s.m.m.a.RequestMappingHandlerMapping - Mapped to com.example.ecommerce.ecommerce_backend.api.controller.SellerCatalogController#list(Authentication)
2026-01-22 23:59:52.756 [39mDEBUG[0;39m [http-nio-8080-exec-10] [36mecommerce-backend[0;39m [35mc-c796878c-4f80-4435-be80-5d282d69c26f[0;39m o.s.s.a.m.AuthorizationManagerBeforeMethodInterceptor - Authorizing method invocation ReflectiveMethodInvocation: public org.springframework.http.ResponseEntity com.example.ecommerce.ecommerce_backend.api.controller.SellerCatalogController.list(org.springframework.security.core.Authentication); target is of class [com.example.ecommerce.ecommerce_backend.api.controller.SellerCatalogController]
2026-01-22 23:59:52.757 [39mDEBUG[0;39m [http-nio-8080-exec-10] [36mecommerce-backend[0;39m [35mc-c796878c-4f80-4435-be80-5d282d69c26f[0;39m o.s.s.a.m.AuthorizationManagerBeforeMethodInterceptor - Authorized method invocation ReflectiveMethodInvocation: public org.springframework.http.ResponseEntity com.example.ecommerce.ecommerce_backend.api.controller.SellerCatalogController.list(org.springframework.security.core.Authentication); target is of class [com.example.ecommerce.ecommerce_backend.api.controller.SellerCatalogController]
2026-01-22 23:59:52.758 [39mDEBUG[0;39m [http-nio-8080-exec-10] [36mecommerce-backend[0;39m [35mc-c796878c-4f80-4435-be80-5d282d69c26f[0;39m org.hibernate.SQL - 
    select
        pe1_0.id,
        pe1_0.action_reason,
        pe1_0.average_rating,
        pe1_0.brand_id,
        pe1_0.category_id,
        pe1_0.created_at,
        pe1_0.currency,
        pe1_0.description,
        pe1_0.hidden_at,
        pe1_0.is_featured,
        pe1_0.main_image_url,
        pe1_0.name,
        pe1_0.original_price,
        pe1_0.price,
        pe1_0.published_at,
        pe1_0.quality_score,
        pe1_0.rejected_at,
        pe1_0.rejected_by,
        pe1_0.review_count,
        pe1_0.seller_user_id,
        pe1_0.shipping_fee_type,
        pe1_0.shop_id,
        pe1_0.sku,
        pe1_0.slug,
        pe1_0.sold_count,
        pe1_0.status,
        pe1_0.stock_quantity,
        pe1_0.updated_at,
        pe1_0.version,
        pe1_0.weight_grams 
    from
        product pe1_0 
    where
        pe1_0.seller_user_id=? 
    order by
        pe1_0.id desc
2026-01-22 23:59:52.761 [39mTRACE[0;39m [http-nio-8080-exec-10] [36mecommerce-backend[0;39m [35mc-c796878c-4f80-4435-be80-5d282d69c26f[0;39m org.hibernate.orm.jdbc.bind - binding parameter (1:BIGINT) <- [16]
2026-01-22 23:59:52.768 [39mDEBUG[0;39m [http-nio-8080-exec-10] [36mecommerce-backend[0;39m [35mc-c796878c-4f80-4435-be80-5d282d69c26f[0;39m o.h.stat.internal.StatisticsImpl - HHH000117: HQL: [CRITERIA] select pe1_0.id,pe1_0.action_reason,pe1_0.average_rating,pe1_0.brand_id,pe1_0.category_id,pe1_0.created_at,pe1_0.currency,pe1_0.description,pe1_0.hidden_at,pe1_0.is_featured,pe1_0.main_image_url,pe1_0.name,pe1_0.original_price,pe1_0.price,pe1_0.published_at,pe1_0.quality_score,pe1_0.rejected_at,pe1_0.rejected_by,pe1_0.review_count,pe1_0.seller_user_id,pe1_0.shipping_fee_type,pe1_0.shop_id,pe1_0.sku,pe1_0.slug,pe1_0.sold_count,pe1_0.status,pe1_0.stock_quantity,pe1_0.updated_at,pe1_0.version,pe1_0.weight_grams from product pe1_0 where pe1_0.seller_user_id=? order by pe1_0.id desc, time: 0ms, rows: 1
2026-01-22 23:59:52.768 [39mDEBUG[0;39m [http-nio-8080-exec-10] [36mecommerce-backend[0;39m [35mc-c796878c-4f80-4435-be80-5d282d69c26f[0;39m c.e.e.e.a.a.PerformanceMonitoringAspect - Method CatalogService.sellerListProducts executed in 11ms
2026-01-22 23:59:52.768 [39mDEBUG[0;39m [http-nio-8080-exec-10] [36mecommerce-backend[0;39m [35mc-c796878c-4f80-4435-be80-5d282d69c26f[0;39m c.e.e.e.a.a.PerformanceMonitoringAspect - Method SellerCatalogController.list executed in 11ms
2026-01-22 23:59:52.769 [39mDEBUG[0;39m [http-nio-8080-exec-10] [36mecommerce-backend[0;39m [35mc-c796878c-4f80-4435-be80-5d282d69c26f[0;39m o.s.w.s.m.m.a.HttpEntityMethodProcessor - Using 'application/json', given [application/json, text/plain, */*] and supported [application/json, application/*+json, application/yaml]
2026-01-22 23:59:52.769 [39mDEBUG[0;39m [http-nio-8080-exec-10] [36mecommerce-backend[0;39m [35mc-c796878c-4f80-4435-be80-5d282d69c26f[0;39m o.s.w.s.m.m.a.HttpEntityMethodProcessor - Writing [ApiResponse[success=true, code=SUCCESS, message=Request processed successfully, data=[com.example.ec (truncated)...]
2026-01-22 23:59:52.771 [34mINFO [0;39m [http-nio-8080-exec-10] [36mecommerce-backend[0;39m [35mc-c796878c-4f80-4435-be80-5d282d69c26f[0;39m o.h.e.i.StatisticalLoggingSessionEventListener - Session Metrics {
    1343600 nanoseconds spent acquiring 1 JDBC connections;
    0 nanoseconds spent releasing 0 JDBC connections;
    1555400 nanoseconds spent preparing 1 JDBC statements;
    5998200 nanoseconds spent executing 1 JDBC statements;
    0 nanoseconds spent executing 0 JDBC batches;
    0 nanoseconds spent performing 0 L2C puts;
    0 nanoseconds spent performing 0 L2C hits;
    0 nanoseconds spent performing 0 L2C misses;
    0 nanoseconds spent executing 0 flushes (flushing a total of 0 entities and 0 collections);
    0 nanoseconds spent executing 0 pre-partial-flushes;
    0 nanoseconds spent executing 0 partial-flushes (flushing a total of 0 entities and 0 collections)
}
2026-01-22 23:59:52.771 [39mDEBUG[0;39m [http-nio-8080-exec-10] [36mecommerce-backend[0;39m [35mc-c796878c-4f80-4435-be80-5d282d69c26f[0;39m o.s.web.servlet.DispatcherServlet - Completed 200 OK
2026-01-22 23:59:52.771 [34mINFO [0;39m [http-nio-8080-exec-10] [36mecommerce-backend[0;39m [35m[0;39m c.e.e.e.a.f.RequestLoggingFilter - RESPONSE [c-b282b34b-0cc7-45b9-b9b7-c9d884b773f3] GET /api/v1/seller/products 200 16ms
2026-01-22 23:59:52.774 [39mDEBUG[0;39m [http-nio-8080-exec-5] [36mecommerce-backend[0;39m [35m[0;39m o.s.security.web.FilterChainProxy - Securing GET /api/v1/seller/products
2026-01-22 23:59:52.775 [39mDEBUG[0;39m [http-nio-8080-exec-5] [36mecommerce-backend[0;39m [35m[0;39m c.e.e.e.a.a.PerformanceMonitoringAspect - Method JwtService.parse executed in 0ms
2026-01-22 23:59:52.778 [39mDEBUG[0;39m [http-nio-8080-exec-5] [36mecommerce-backend[0;39m [35m[0;39m o.s.security.web.FilterChainProxy - Secured GET /api/v1/seller/products
2026-01-22 23:59:52.778 [34mINFO [0;39m [http-nio-8080-exec-5] [36mecommerce-backend[0;39m [35mc-522cbfff-1b22-4258-bae9-e94e3e7f1b51[0;39m c.e.e.e.a.f.RequestLoggingFilter - REQUEST [c-522cbfff-1b22-4258-bae9-e94e3e7f1b51] GET /api/v1/seller/products from 0:0:0:0:0:0:0:1
2026-01-22 23:59:52.778 [39mDEBUG[0;39m [http-nio-8080-exec-5] [36mecommerce-backend[0;39m [35mc-7a43e083-8d43-43e1-8f7a-38f03c31b346[0;39m o.s.web.servlet.DispatcherServlet - GET "/api/v1/seller/products", parameters={}
2026-01-22 23:59:52.779 [39mDEBUG[0;39m [http-nio-8080-exec-5] [36mecommerce-backend[0;39m [35mc-7a43e083-8d43-43e1-8f7a-38f03c31b346[0;39m o.s.w.s.m.m.a.RequestMappingHandlerMapping - Mapped to com.example.ecommerce.ecommerce_backend.api.controller.SellerCatalogController#list(Authentication)
2026-01-22 23:59:52.779 [39mDEBUG[0;39m [http-nio-8080-exec-5] [36mecommerce-backend[0;39m [35mc-7a43e083-8d43-43e1-8f7a-38f03c31b346[0;39m o.s.s.a.m.AuthorizationManagerBeforeMethodInterceptor - Authorizing method invocation ReflectiveMethodInvocation: public org.springframework.http.ResponseEntity com.example.ecommerce.ecommerce_backend.api.controller.SellerCatalogController.list(org.springframework.security.core.Authentication); target is of class [com.example.ecommerce.ecommerce_backend.api.controller.SellerCatalogController]
2026-01-22 23:59:52.780 [39mDEBUG[0;39m [http-nio-8080-exec-5] [36mecommerce-backend[0;39m [35mc-7a43e083-8d43-43e1-8f7a-38f03c31b346[0;39m o.s.s.a.m.AuthorizationManagerBeforeMethodInterceptor - Authorized method invocation ReflectiveMethodInvocation: public org.springframework.http.ResponseEntity com.example.ecommerce.ecommerce_backend.api.controller.SellerCatalogController.list(org.springframework.security.core.Authentication); target is of class [com.example.ecommerce.ecommerce_backend.api.controller.SellerCatalogController]
2026-01-22 23:59:52.782 [39mDEBUG[0;39m [http-nio-8080-exec-5] [36mecommerce-backend[0;39m [35mc-7a43e083-8d43-43e1-8f7a-38f03c31b346[0;39m org.hibernate.SQL - 
    select
        pe1_0.id,
        pe1_0.action_reason,
        pe1_0.average_rating,
        pe1_0.brand_id,
        pe1_0.category_id,
        pe1_0.created_at,
        pe1_0.currency,
        pe1_0.description,
        pe1_0.hidden_at,
        pe1_0.is_featured,
        pe1_0.main_image_url,
        pe1_0.name,
        pe1_0.original_price,
        pe1_0.price,
        pe1_0.published_at,
        pe1_0.quality_score,
        pe1_0.rejected_at,
        pe1_0.rejected_by,
        pe1_0.review_count,
        pe1_0.seller_user_id,
        pe1_0.shipping_fee_type,
        pe1_0.shop_id,
        pe1_0.sku,
        pe1_0.slug,
        pe1_0.sold_count,
        pe1_0.status,
        pe1_0.stock_quantity,
        pe1_0.updated_at,
        pe1_0.version,
        pe1_0.weight_grams 
    from
        product pe1_0 
    where
        pe1_0.seller_user_id=? 
    order by
        pe1_0.id desc
2026-01-22 23:59:52.783 [39mTRACE[0;39m [http-nio-8080-exec-5] [36mecommerce-backend[0;39m [35mc-7a43e083-8d43-43e1-8f7a-38f03c31b346[0;39m org.hibernate.orm.jdbc.bind - binding parameter (1:BIGINT) <- [16]
2026-01-22 23:59:52.788 [39mDEBUG[0;39m [http-nio-8080-exec-5] [36mecommerce-backend[0;39m [35mc-7a43e083-8d43-43e1-8f7a-38f03c31b346[0;39m o.h.stat.internal.StatisticsImpl - HHH000117: HQL: [CRITERIA] select pe1_0.id,pe1_0.action_reason,pe1_0.average_rating,pe1_0.brand_id,pe1_0.category_id,pe1_0.created_at,pe1_0.currency,pe1_0.description,pe1_0.hidden_at,pe1_0.is_featured,pe1_0.main_image_url,pe1_0.name,pe1_0.original_price,pe1_0.price,pe1_0.published_at,pe1_0.quality_score,pe1_0.rejected_at,pe1_0.rejected_by,pe1_0.review_count,pe1_0.seller_user_id,pe1_0.shipping_fee_type,pe1_0.shop_id,pe1_0.sku,pe1_0.slug,pe1_0.sold_count,pe1_0.status,pe1_0.stock_quantity,pe1_0.updated_at,pe1_0.version,pe1_0.weight_grams from product pe1_0 where pe1_0.seller_user_id=? order by pe1_0.id desc, time: 0ms, rows: 1
2026-01-22 23:59:52.788 [39mDEBUG[0;39m [http-nio-8080-exec-5] [36mecommerce-backend[0;39m [35mc-7a43e083-8d43-43e1-8f7a-38f03c31b346[0;39m c.e.e.e.a.a.PerformanceMonitoringAspect - Method CatalogService.sellerListProducts executed in 8ms
2026-01-22 23:59:52.789 [39mDEBUG[0;39m [http-nio-8080-exec-5] [36mecommerce-backend[0;39m [35mc-7a43e083-8d43-43e1-8f7a-38f03c31b346[0;39m c.e.e.e.a.a.PerformanceMonitoringAspect - Method SellerCatalogController.list executed in 9ms
2026-01-22 23:59:52.789 [39mDEBUG[0;39m [http-nio-8080-exec-5] [36mecommerce-backend[0;39m [35mc-7a43e083-8d43-43e1-8f7a-38f03c31b346[0;39m o.s.w.s.m.m.a.HttpEntityMethodProcessor - Using 'application/json', given [application/json, text/plain, */*] and supported [application/json, application/*+json, application/yaml]
2026-01-22 23:59:52.789 [39mDEBUG[0;39m [http-nio-8080-exec-5] [36mecommerce-backend[0;39m [35mc-7a43e083-8d43-43e1-8f7a-38f03c31b346[0;39m o.s.w.s.m.m.a.HttpEntityMethodProcessor - Writing [ApiResponse[success=true, code=SUCCESS, message=Request processed successfully, data=[com.example.ec (truncated)...]
2026-01-22 23:59:52.789 [34mINFO [0;39m [http-nio-8080-exec-5] [36mecommerce-backend[0;39m [35mc-7a43e083-8d43-43e1-8f7a-38f03c31b346[0;39m o.h.e.i.StatisticalLoggingSessionEventListener - Session Metrics {
    1597000 nanoseconds spent acquiring 1 JDBC connections;
    0 nanoseconds spent releasing 0 JDBC connections;
    1758700 nanoseconds spent preparing 1 JDBC statements;
    4015300 nanoseconds spent executing 1 JDBC statements;
    0 nanoseconds spent executing 0 JDBC batches;
    0 nanoseconds spent performing 0 L2C puts;
    0 nanoseconds spent performing 0 L2C hits;
    0 nanoseconds spent performing 0 L2C misses;
    0 nanoseconds spent executing 0 flushes (flushing a total of 0 entities and 0 collections);
    0 nanoseconds spent executing 0 pre-partial-flushes;
    0 nanoseconds spent executing 0 partial-flushes (flushing a total of 0 entities and 0 collections)
}
2026-01-22 23:59:52.789 [39mDEBUG[0;39m [http-nio-8080-exec-5] [36mecommerce-backend[0;39m [35mc-7a43e083-8d43-43e1-8f7a-38f03c31b346[0;39m o.s.web.servlet.DispatcherServlet - Completed 200 OK
2026-01-22 23:59:52.790 [34mINFO [0;39m [http-nio-8080-exec-5] [36mecommerce-backend[0;39m [35m[0;39m c.e.e.e.a.f.RequestLoggingFilter - RESPONSE [c-522cbfff-1b22-4258-bae9-e94e3e7f1b51] GET /api/v1/seller/products 200 12ms
